Parser: Syntax error near ';'
Parser: Syntax error near ';;'
Parser: Syntax error near ';;'
Parser say OK
Parser: Syntax error near ';'
Parser: Syntax error near ';;'
Parser: Syntax error near ';;'
