Parser say OK
Parser: Syntax error near '\n'
Parser: Syntax error near '<<'
Parser: Syntax error near '\n'
