Parser: Syntax error near '|'
Parser: Syntax error near '||'
Parser: Syntax error near '||'
